Testing OpenAI Connection...
API Key present: false
node.exe : C:\Users\gl
obal-pc\Downloads\alph
ac3\aqua-dent-link-mai
n\backend\node_modules
\openai\src\client.ts:
376
At C:\Program Files\no
dejs\npx.ps1:29 char:3
+   & $NODE_EXE 
$NPX_CLI_JS $args
+   ~~~~~~~~~~~~~~~~~~
~~~~~~~~~~~
    + CategoryInfo    
          : NotSpeci  
  fied: (C:\Users\g   
 lobal...c\client.    
ts:376:String) []    
, RemoteException
    + FullyQualifiedE 
   rrorId : NativeCo  
  mmandError
 
      throw new 
Errors.OpenAIError(
            ^


OpenAIError: Missing 
credentials. Please 
pass an `apiKey`, or 
set the 
`OPENAI_API_KEY` 
environment variable.
    at new OpenAI (C:\
Users\global-pc\Downlo
ads\alphac3\aqua-dent-
link-main\backend\node
_modules\openai\src\cl
ient.ts:376:13)
    at OpenAI (C:\User
s\global-pc\Downloads\
alphac3\aqua-dent-link
-main\backend\scripts\
test-openai.ts:18:16)
    at 
Object.<anonymous> (C:
\Users\global-pc\Downl
oads\alphac3\aqua-dent
-link-main\backend\scr
ipts\test-openai.ts:42
:6)
    at 
Module._compile (node:
internal/modules/cjs/l
oader:1562:14)
    at 
Object.transformer (C:
\Users\global-pc\Downl
oads\alphac3\aqua-dent
-link-main\backend\nod
e_modules\tsx\dist\reg
ister-D46fvsV_.cjs:3:1
104)
    at Module.load (no
de:internal/modules/cj
s/loader:1313:32)
    at Function._load 
(node:internal/modules
/cjs/loader:1123:12)
    at TracingChannel.
traceSync (node:diagno
stics_channel:322:14)
    at wrapModuleLoad 
(node:internal/modules
/cjs/loader:217:24)
    at cjsLoader (node
:internal/modules/esm/
translators:263:5)

Node.js v22.13.0
